// Jest Snapshot v1, https://goo.gl/fbAQLP

exports[`Unconnected Send Service Message Build Utility Generates Appropriate Output 1`] = `
{
  "data": [
    82,
    2,
    32,
    6,
    36,
    1,
    4,
    125,
    12,
    0,
    76,
    4,
    115,
    111,
    109,
    101,
    116,
    97,
    103,
    0,
    1,
    0,
    1,
    0,
    1,
    5,
  ],
  "type": "Buffer",
}
`;
